// Vitest Snapshot v1, https://vitest.dev/guide/snapshot.html

exports[`deterministic simulation regression snapshots > snapshots a canonical match result 1`] = `
{
  "awayScore": 10,
  "driveCount": 32,
  "drives": [
    {
      "awayScore": 0,
      "homeScore": 7,
      "offense": "BOS",
      "phase": "Q1",
      "points": 7,
      "resultType": "TOUCHDOWN",
      "sequence": 1,
      "summary": "BOS stabilisiert den Drive nach dem Convert und finisht mit einem Touchdown.",
      "totalYards": 27,
      "turnover": false,
    },
    {
      "awayScore": 0,
      "homeScore": 7,
      "offense": "NYT",
      "phase": "Q1",
      "points": 0,
      "resultType": "EMPTY_DRIVE",
      "sequence": 2,
      "summary": "NYT bleibt aggressiv, bricht das 4th-Down-Risiko bei geschlossener Lage aber kontrolliert ab und vermeidet den direkten Turnover on Downs.",
      "totalYards": 29,
      "turnover": false,
    },
    {
      "awayScore": 0,
      "homeScore": 7,
      "offense": "BOS",
      "phase": "Q1",
      "points": 0,
      "resultType": "PUNT",
      "sequence": 3,
      "summary": "BOS puntet bei 4th & 11 von der 56-Yard-Linie nach 5 Plays und 24 Yards.",
      "totalYards": 24,
      "turnover": false,
    },
    {
      "awayScore": 0,
      "homeScore": 7,
      "offense": "NYT",
      "phase": "Q1",
      "points": 0,
      "resultType": "PUNT",
      "sequence": 4,
      "summary": "NYT puntet bei 4th & 8 von der 22-Yard-Linie nach 6 Plays und 23 Yards.",
      "totalYards": 23,
      "turnover": false,
    },
    {
      "awayScore": 0,
      "homeScore": 7,
      "offense": "BOS",
      "phase": "Q1",
      "points": 0,
      "resultType": "EMPTY_DRIVE",
      "sequence": 5,
      "summary": "BOS laesst den Drive bei 4th & 8 nahe der 57-Yard-Linie ohne offiziellen Punt auslaufen.",
      "totalYards": 28,
      "turnover": false,
    },
    {
      "awayScore": 0,
      "homeScore": 7,
      "offense": "NYT",
      "phase": "Q1",
      "points": 0,
      "resultType": "PUNT",
      "sequence": 6,
      "summary": "NYT puntet bei 4th & 6 von der 49-Yard-Linie nach 4 Plays und 31 Yards.",
      "totalYards": 31,
      "turnover": false,
    },
    {
      "awayScore": 0,
      "homeScore": 7,
      "offense": "BOS",
      "phase": "Q1",
      "points": 0,
      "resultType": "PUNT",
      "sequence": 7,
      "summary": "BOS puntet bei 4th & 5 von der 26-Yard-Linie nach 6 Plays und 25 Yards.",
      "totalYards": 25,
      "turnover": false,
    },
    {
      "awayScore": 0,
      "homeScore": 7,
      "offense": "NYT",
      "phase": "Q1",
      "points": 0,
      "resultType": "PUNT",
      "sequence": 8,
      "summary": "NYT puntet bei 4th & 7 von der 46-Yard-Linie nach 8 Plays und 19 Yards.",
      "totalYards": 18,
      "turnover": false,
    },
    {
      "awayScore": 0,
      "homeScore": 7,
      "offense": "BOS",
      "phase": "Q1",
      "points": 0,
      "resultType": "PUNT",
      "sequence": 9,
      "summary": "BOS puntet bei 4th & 8 von der 48-Yard-Linie nach 7 Plays und 31 Yards.",
      "totalYards": 31,
      "turnover": false,
    },
    {
      "awayScore": 0,
      "homeScore": 7,
      "offense": "NYT",
      "phase": "Q2",
      "points": 0,
      "resultType": "PUNT",
      "sequence": 10,
      "summary": "NYT puntet bei 4th & 10 von der 40-Yard-Linie nach 8 Plays und 25 Yards.",
      "totalYards": 25,
      "turnover": false,
    },
    {
      "awayScore": 0,
      "homeScore": 7,
      "offense": "BOS",
      "phase": "Q2",
      "points": 0,
      "resultType": "PUNT",
      "sequence": 11,
      "summary": "BOS puntet bei 4th & 8 von der 20-Yard-Linie nach 7 Plays und 17 Yards.",
      "totalYards": 17,
      "turnover": false,
    },
    {
      "awayScore": 0,
      "homeScore": 7,
      "offense": "NYT",
      "phase": "Q2",
      "points": 0,
      "resultType": "EMPTY_DRIVE",
      "sequence": 12,
      "summary": "NYT laesst den Drive bei 4th & 7 nahe der 52-Yard-Linie ohne offiziellen Punt auslaufen.",
      "totalYards": 29,
      "turnover": false,
    },
    {
      "awayScore": 0,
      "homeScore": 7,
      "offense": "BOS",
      "phase": "Q2",
      "points": 0,
      "resultType": "TURNOVER_ON_DOWNS",
      "sequence": 13,
      "summary": "NYT erzeugt den seltenen Stop nach bereits stabilisiertem Convert in OPP35_TO_20.",
      "totalYards": 29,
      "turnover": false,
    },
    {
      "awayScore": 3,
      "homeScore": 7,
      "offense": "NYT",
      "phase": "Q2",
      "points": 3,
      "resultType": "FIELD_GOAL_MADE",
      "sequence": 14,
      "summary": "NYT kickt das Field Goal aus 45 Yards nach 4th & 5.",
      "totalYards": 30,
      "turnover": false,
    },
    {
      "awayScore": 3,
      "homeScore": 7,
      "offense": "BOS",
      "phase": "Q2",
      "points": 0,
      "resultType": "EMPTY_DRIVE",
      "sequence": 15,
      "summary": "BOS laesst den Drive bei 4th & 9 nahe der 55-Yard-Linie ohne offiziellen Punt auslaufen.",
      "totalYards": 24,
      "turnover": false,
    },
    {
      "awayScore": 3,
      "homeScore": 7,
      "offense": "NYT",
      "phase": "Q2",
      "points": 0,
      "resultType": "PUNT",
      "sequence": 16,
      "summary": "NYT puntet bei 4th & 6 von der 64-Yard-Linie nach 7 Plays und 28 Yards.",
      "totalYards": 27,
      "turnover": false,
    },
    {
      "awayScore": 3,
      "homeScore": 7,
      "offense": "BOS",
      "phase": "Q3",
      "points": 0,
      "resultType": "PUNT",
      "sequence": 17,
      "summary": "BOS puntet bei 4th & 5 von der 53-Yard-Linie nach 4 Plays und 31 Yards.",
      "totalYards": 31,
      "turnover": false,
    },
    {
      "awayScore": 3,
      "homeScore": 7,
      "offense": "NYT",
      "phase": "Q3",
      "points": 0,
      "resultType": "PUNT",
      "sequence": 18,
      "summary": "NYT puntet bei 4th & 3 von der 37-Yard-Linie nach 8 Plays und 38 Yards.",
      "totalYards": 38,
      "turnover": false,
    },
    {
      "awayScore": 3,
      "homeScore": 7,
      "offense": "BOS",
      "phase": "Q3",
      "points": 0,
      "resultType": "PUNT",
      "sequence": 19,
      "summary": "BOS puntet bei 4th & 8 von der 55-Yard-Linie nach 6 Plays und 29 Yards.",
      "totalYards": 28,
      "turnover": false,
    },
    {
      "awayScore": 3,
      "homeScore": 7,
      "offense": "NYT",
      "phase": "Q3",
      "points": 0,
      "resultType": "PUNT",
      "sequence": 20,
      "summary": "NYT puntet bei 4th & 8 von der 39-Yard-Linie nach 8 Plays und 36 Yards.",
      "totalYards": 36,
      "turnover": false,
    },
    {
      "awayScore": 3,
      "homeScore": 7,
      "offense": "BOS",
      "phase": "Q3",
      "points": 0,
      "resultType": "PUNT",
      "sequence": 21,
      "summary": "BOS puntet bei 4th & 2 von der 51-Yard-Linie nach 7 Plays und 32 Yards.",
      "totalYards": 32,
      "turnover": false,
    },
    {
      "awayScore": 3,
      "homeScore": 7,
      "offense": "NYT",
      "phase": "Q3",
      "points": 0,
      "resultType": "TURNOVER",
      "sequence": 22,
      "summary": "BOS erzwingt nach 26 Yards Raumgewinn einen Ballverlust.",
      "totalYards": 26,
      "turnover": true,
    },
    {
      "awayScore": 3,
      "homeScore": 7,
      "offense": "BOS",
      "phase": "Q3",
      "points": 0,
      "resultType": "TURNOVER",
      "sequence": 23,
      "summary": "NYT erzwingt nach 30 Yards Raumgewinn einen Ballverlust.",
      "totalYards": 30,
      "turnover": true,
    },
    {
      "awayScore": 3,
      "homeScore": 7,
      "offense": "NYT",
      "phase": "Q4",
      "points": 0,
      "resultType": "PUNT",
      "sequence": 24,
      "summary": "NYT puntet bei 4th & 3 von der 43-Yard-Linie nach 6 Plays und 33 Yards.",
      "totalYards": 33,
      "turnover": false,
    },
    {
      "awayScore": 3,
      "homeScore": 7,
      "offense": "BOS",
      "phase": "Q4",
      "points": 0,
      "resultType": "PUNT",
      "sequence": 25,
      "summary": "BOS puntet bei 4th & 8 von der 39-Yard-Linie nach 5 Plays und 25 Yards.",
      "totalYards": 25,
      "turnover": false,
    },
    {
      "awayScore": 3,
      "homeScore": 7,
      "offense": "NYT",
      "phase": "Q4",
      "points": 0,
      "resultType": "PUNT",
      "sequence": 26,
      "summary": "NYT puntet bei 4th & 3 von der 44-Yard-Linie nach 6 Plays und 35 Yards.",
      "totalYards": 35,
      "turnover": false,
    },
    {
      "awayScore": 3,
      "homeScore": 7,
      "offense": "BOS",
      "phase": "Q4",
      "points": 0,
      "resultType": "PUNT",
      "sequence": 27,
      "summary": "BOS puntet bei 4th & 2 von der 28-Yard-Linie nach 8 Plays und 28 Yards.",
      "totalYards": 28,
      "turnover": false,
    },
    {
      "awayScore": 3,
      "homeScore": 7,
      "offense": "NYT",
      "phase": "Q4",
      "points": 0,
      "resultType": "TURNOVER_ON_DOWNS",
      "sequence": 28,
      "summary": "BOS stoppt NYT bei 4th & 4; Turnover on Downs.",
      "totalYards": 25,
      "turnover": false,
    },
    {
      "awayScore": 3,
      "homeScore": 14,
      "offense": "BOS",
      "phase": "Q4",
      "points": 7,
      "resultType": "TOUCHDOWN",
      "sequence": 29,
      "summary": "BOS schliesst den Drive mit einem Passing Touchdown auf Avery Ross ab.",
      "totalYards": 28,
      "turnover": false,
    },
    {
      "awayScore": 3,
      "homeScore": 14,
      "offense": "NYT",
      "phase": "Q4",
      "points": 0,
      "resultType": "TURNOVER_ON_DOWNS",
      "sequence": 30,
      "summary": "BOS stoppt NYT auch nach konvertiertem 4th Down noch in Plus Territory.",
      "totalYards": 28,
      "turnover": false,
    },
    {
      "awayScore": 3,
      "homeScore": 14,
      "offense": "BOS",
      "phase": "Q4",
      "points": 0,
      "resultType": "EMPTY_DRIVE",
      "sequence": 31,
      "summary": "BOS geht in Victory Formation und kniet die Uhr kontrolliert herunter.",
      "totalYards": 0,
      "turnover": false,
    },
    {
      "awayScore": 10,
      "homeScore": 14,
      "offense": "NYT",
      "phase": "Q4",
      "points": 7,
      "resultType": "TOUCHDOWN",
      "sequence": 32,
      "summary": "NYT stabilisiert den Drive nach dem Convert und finisht mit einem Touchdown. [Edge: 2-Minute Drill]",
      "totalYards": 29,
      "turnover": false,
    },
  ],
  "homeScore": 14,
  "matchId": "regression-balanced-game",
  "seed": "balanced-game",
  "totalDrivesPlanned": 32,
  "winner": "BOS",
}
`;

exports[`deterministic simulation regression snapshots > snapshots a deterministic mini-season outcome 1`] = `
{
  "games": [
    {
      "away": "NYT",
      "awayScore": 10,
      "home": "BOS",
      "homeScore": 14,
      "seed": "balanced-game",
      "week": 1,
      "winner": "BOS",
    },
    {
      "away": "MIA",
      "awayScore": 7,
      "home": "CHI",
      "homeScore": 7,
      "seed": "high-scoring",
      "week": 2,
      "winner": "TIE",
    },
    {
      "away": "CHI",
      "awayScore": 6,
      "home": "BOS",
      "homeScore": 10,
      "seed": "edge-case",
      "week": 3,
      "winner": "BOS",
    },
    {
      "away": "MIA",
      "awayScore": 7,
      "home": "NYT",
      "homeScore": 7,
      "seed": "low-rating",
      "week": 4,
      "winner": "TIE",
    },
    {
      "away": "BOS",
      "awayScore": 7,
      "home": "MIA",
      "homeScore": 6,
      "seed": "high-scoring:return",
      "week": 5,
      "winner": "BOS",
    },
    {
      "away": "CHI",
      "awayScore": 10,
      "home": "NYT",
      "homeScore": 21,
      "seed": "edge-case:return",
      "week": 6,
      "winner": "NYT",
    },
  ],
  "standings": [
    {
      "losses": 0,
      "pointDiff": 9,
      "pointsAgainst": 22,
      "pointsFor": 31,
      "teamId": "BOS",
      "ties": 0,
      "wins": 3,
    },
    {
      "losses": 1,
      "pointDiff": 7,
      "pointsAgainst": 31,
      "pointsFor": 38,
      "teamId": "NYT",
      "ties": 1,
      "wins": 1,
    },
    {
      "losses": 1,
      "pointDiff": -1,
      "pointsAgainst": 21,
      "pointsFor": 20,
      "teamId": "MIA",
      "ties": 2,
      "wins": 0,
    },
    {
      "losses": 2,
      "pointDiff": -15,
      "pointsAgainst": 38,
      "pointsFor": 23,
      "teamId": "CHI",
      "ties": 1,
      "wins": 0,
    },
  ],
}
`;

exports[`deterministic simulation regression snapshots > snapshots canonical stats output 1`] = `
{
  "teams": {
    "away": {
      "explosivePlays": 4,
      "firstDowns": 22,
      "passingYards": 370,
      "penalties": 3,
      "redZoneTouchdowns": 1,
      "redZoneTrips": 1,
      "rushingYards": 99,
      "sacks": 2,
      "score": 7,
      "teamId": "NYT",
      "timeOfPossessionSeconds": 1797,
      "totalYards": 469,
      "touchdowns": 1,
      "turnovers": 0,
    },
    "home": {
      "explosivePlays": 3,
      "firstDowns": 23,
      "passingYards": 382,
      "penalties": 4,
      "redZoneTouchdowns": 0,
      "redZoneTrips": 0,
      "rushingYards": 143,
      "sacks": 2,
      "score": 7,
      "teamId": "BOS",
      "timeOfPossessionSeconds": 1803,
      "totalYards": 525,
      "touchdowns": 1,
      "turnovers": 1,
    },
  },
  "topPlayers": {
    "defense": [
      {
        "interceptions": 0,
        "name": "BOS-player-36",
        "sacks": 0,
        "tackles": 10,
        "teamId": "BOS",
      },
      {
        "interceptions": 0,
        "name": "NYT-player-34",
        "sacks": 0,
        "tackles": 9,
        "teamId": "NYT",
      },
      {
        "interceptions": 0,
        "name": "NYT-player-38",
        "sacks": 0,
        "tackles": 9,
        "teamId": "NYT",
      },
      {
        "interceptions": 0,
        "name": "BOS-player-34",
        "sacks": 0,
        "tackles": 7,
        "teamId": "BOS",
      },
      {
        "interceptions": 0,
        "name": "BOS-player-37",
        "sacks": 0,
        "tackles": 7,
        "teamId": "BOS",
      },
    ],
    "passing": [
      {
        "attempts": 76,
        "completions": 13,
        "interceptions": 1,
        "name": "BOS-player-0",
        "touchdowns": 1,
        "yards": 382,
      },
      {
        "attempts": 74,
        "completions": 11,
        "interceptions": 0,
        "name": "NYT-player-0",
        "touchdowns": 1,
        "yards": 370,
      },
    ],
    "receiving": [
      {
        "name": "NYT-player-13",
        "receptions": 5,
        "targets": 17,
        "touchdowns": 0,
        "yards": 143,
      },
      {
        "name": "BOS-player-10",
        "receptions": 4,
        "targets": 21,
        "touchdowns": 1,
        "yards": 107,
      },
      {
        "name": "BOS-player-8",
        "receptions": 3,
        "targets": 14,
        "touchdowns": 0,
        "yards": 72,
      },
      {
        "name": "NYT-player-10",
        "receptions": 2,
        "targets": 11,
        "touchdowns": 1,
        "yards": 53,
      },
      {
        "name": "NYT-player-9",
        "receptions": 2,
        "targets": 15,
        "touchdowns": 0,
        "yards": 50,
      },
    ],
    "rushing": [
      {
        "attempts": 9,
        "name": "BOS-player-4",
        "touchdowns": 0,
        "yards": 51,
      },
      {
        "attempts": 12,
        "name": "BOS-player-7",
        "touchdowns": 0,
        "yards": 49,
      },
      {
        "attempts": 7,
        "name": "BOS-player-3",
        "touchdowns": 0,
        "yards": 36,
      },
      {
        "attempts": 8,
        "name": "NYT-player-4",
        "touchdowns": 0,
        "yards": 28,
      },
      {
        "attempts": 10,
        "name": "NYT-player-7",
        "touchdowns": 0,
        "yards": 26,
      },
    ],
  },
}
`;
